
> dreem-hub@0.1.0 build C:\Users\Idris Kulubi\Desktop\work\dreem\dreem-hub
> next build

   Ôû▓ Next.js 16.0.3 (Turbopack)
   - Environments: .env.local
   - Experiments (use with caution):
     ┬À optimizePackageImports

   Creating an optimized production build ...
 Ô£ô Compiled successfully in 6.3s
   Running TypeScript ...
   Collecting page data using 11 workers ...
   Generating static pages using 11 workers (0/4) ...
   Generating static pages using 11 workers (1/4) 
   Generating static pages using 11 workers (2/4) 
   Generating static pages using 11 workers (3/4) 
 Ô£ô Generating static pages using 11 workers (4/4) in 1116.7ms
   Finalizing page optimization ...

Route (app)
Ôöî Ôùï /
Ôöö Ôùï /_not-found


Ôùï  (Static)  prerendered as static content

